feature@org.geocraft.feature=SVN,trunk,https://wush.net/svn/geocraft,app,org.geocraft.feature
feature@org.geocraft.geomath.feature=SVN,trunk,https://wush.net/svn/geocraft,app,org.geocraft.geomath.feature
feature@org.geocraft.abavo.feature=SVN,trunk,https://wush.net/svn/geocraft,app,org.geocraft.abavo.feature
feature@org.geocraft.ui.viewer.feature=SVN,trunk,https://wush.net/svn/geocraft,app,org.geocraft.ui.viewer.feature

plugin@org.geocraft.core=SVN,trunk,https://wush.net/svn/geocraft,core,org.geocraft.core
plugin@org.geocraft.core.session=SVN,trunk,https://wush.net/svn/geocraft,core,org.geocraft.core.session
plugin@org.geocraft.core.data.provider=SVN,trunk,https://wush.net/svn/geocraft,core,org.geocraft.core.data.provider

plugin@org.geocraft.io.modspec=SVN,trunk,https://wush.net/svn/geocraft,component,org.geocraft.io.modspec
plugin@org.geocraft.io.segy=SVN,trunk,https://wush.net/svn/geocraft,component,org.geocraft.io.segy
plugin@org.geocraft.io.javaseis=SVN,trunk,https://wush.net/svn/geocraft,component,org.geocraft.io.javaseis
plugin@org.geocraft.io.util=SVN,trunk,https://wush.net/svn/geocraft,component,org.geocraft.io.util
plugin@org.geocraft.io.las=SVN,trunk,https://wush.net/svn/geocraft,component,org.geocraft.io.las
plugin@org.geocraft.io.gocad=SVN,trunk,https://wush.net/svn/geocraft,component,org.geocraft.io.gocad
plugin@org.geocraft.io.ascii=SVN,trunk,https://wush.net/svn/geocraft,component,org.geocraft.io.ascii
plugin@org.geocraft.io.asciigrid=SVN,trunk,https://wush.net/svn/geocraft,component,org.geocraft.io.asciigrid
plugin@org.geocraft.io.asciipointset=SVN,trunk,https://wush.net/svn/geocraft,component,org.geocraft.io.asciipointset
plugin@org.geocraft.io.jms=SVN,trunk,https://wush.net/svn/geocraft,component,org.geocraft.io.jms
plugin@org.geocraft.io.remote=SVN,trunk,https://wush.net/svn/geocraft,component,org.geocraft.io.remote
plugin@org.geocraft.product=SVN,trunk,https://wush.net/svn/geocraft,component,org.geocraft.product


plugin@org.geocraft.algorithm=SVN,trunk,https://wush.net/svn/geocraft,component,org.geocraft.algorithm

plugin@org.geocraft.ui.common=SVN,trunk,https://wush.net/svn/geocraft,component,org.geocraft.ui.common
plugin@org.geocraft.ui.multiplot=SVN,trunk,https://wush.net/svn/geocraft,component,org.geocraft.ui.multiplot
plugin@org.geocraft.ui.sectionviewer=SVN,trunk,https://wush.net/svn/geocraft,component,org.geocraft.ui.sectionviewer
plugin@org.geocraft.ui.mapviewer=SVN,trunk,https://wush.net/svn/geocraft,component,org.geocraft.ui.mapviewer
plugin@org.geocraft.ui.waveletviewer=SVN,trunk,https://wush.net/svn/geocraft,component,org.geocraft.ui.waveletviewer
plugin@org.geocraft.ui.chartviewer=SVN,trunk,https://wush.net/svn/geocraft,component,org.geocraft.ui.chartviewer
plugin@org.geocraft.ui.tableviewer=SVN,trunk,https://wush.net/svn/geocraft,component,org.geocraft.ui.tableviewer
plugin@org.geocraft.ui.traceviewer=SVN,trunk,https://wush.net/svn/geocraft,component,org.geocraft.ui.traceviewer
plugin@org.geocraft.ui.model=SVN,trunk,https://wush.net/svn/geocraft,component,org.geocraft.ui.model
plugin@org.geocraft.ui.repository=SVN,trunk,https://wush.net/svn/geocraft,component,org.geocraft.ui.repository
plugin@org.geocraft.ui.property=SVN,trunk,https://wush.net/svn/geocraft,component,org.geocraft.ui.property
plugin@org.geocraft.ui.io=SVN,trunk,https://wush.net/svn/geocraft,component,org.geocraft.ui.io
plugin@org.geocraft.ui.color=SVN,trunk,https://wush.net/svn/geocraft,component,org.geocraft.ui.color
plugin@org.geocraft.ui.volumeviewer=SVN,trunk,https://wush.net/svn/geocraft,component,org.geocraft.ui.volumeviewer
plugin@org.geocraft.ui.viewer=SVN,trunk,https://wush.net/svn/geocraft,component,org.geocraft.ui.viewer
plugin@org.geocraft.ui.plot=SVN,trunk,https://wush.net/svn/geocraft,component,org.geocraft.ui.plot
plugin@org.geocraft.math=SVN,trunk,https://wush.net/svn/geocraft,component,org.geocraft.math
plugin@org.geocraft.abavo.product=SVN,trunk,https://wush.net/svn/geocraft,component,org.geocraft.abavo.product
plugin@org.geocraft.ui.form2=SVN,trunk,https://wush.net/svn/geocraft,component,org.geocraft.ui.form2
plugin@com.ardor3d=SVN,trunk,https://wush.net/svn/geocraft,ardor3d,com.ardor3d

plugin@org.geocraft.geomath=SVN,trunk,https://wush.net/svn/geocraft,app,org.geocraft.geomath
plugin@org.geocraft.geomath.help=SVN,trunk,https://wush.net/svn/geocraft,app,org.geocraft.geomath.help
plugin@org.geocraft.geomath.algorithm.ui=SVN,trunk,https://wush.net/svn/geocraft,app,org.geocraft.geomath.algorithm.ui
plugin@org.geocraft.abavo=SVN,trunk,https://wush.net/svn/geocraft,app,org.geocraft.abavo
plugin@org.geocraft.gnuplot=SVN,trunk,https://wush.net/svn/geocraft,app,org.geocraft.gnuplot

plugin@org.geocraft.geomath.algorithm.calculator=SVN,trunk,https://wush.net/svn/geocraft,algorithm,org.geocraft.geomath.algorithm.calculator
plugin@org.geocraft.geomath.algorithm.horizon=SVN,trunk,https://wush.net/svn/geocraft,algorithm,org.geocraft.geomath.algorithm.horizon
plugin@org.geocraft.geomath.algorithm.iconviewer=SVN,trunk,https://wush.net/svn/geocraft,algorithm,org.geocraft.geomath.algorithm.iconviewer
plugin@org.geocraft.geomath.algorithm.velocity=SVN,trunk,https://wush.net/svn/geocraft,algorithm,org.geocraft.geomath.algorithm.velocity
plugin@org.geocraft.geomath.algorithm.volume=SVN,trunk,https://wush.net/svn/geocraft,algorithm,org.geocraft.geomath.algorithm.volume
plugin@org.geocraft.geomath.algorithm.example=SVN,trunk,https://wush.net/svn/geocraft,algorithm,org.geocraft.geomath.algorithm.example
plugin@org.geocraft.geomath.algorithm.util=SVN,trunk,https://wush.net/svn/geocraft,algorithm,org.geocraft.geomath.algorithm.util
plugin@org.geocraft.geomath.algorithm.utilities=SVN,trunk,https://wush.net/svn/geocraft,algorithm,org.geocraft.geomath.algorithm.utilities
plugin@org.geocraft.geomath.algorithm.curvature=SVN,trunk,https://wush.net/svn/geocraft,algorithm,org.geocraft.geomath.algorithm.curvature
plugin@org.geocraft.geomath.algorithm.texture=SVN,trunk,https://wush.net/svn/geocraft,algorithm,org.geocraft.geomath.algorithm.texture
plugin@org.geocraft.geomath.algorithm.lineament=SVN,trunk,https://wush.net/svn/geocraft,algorithm,org.geocraft.geomath.algorithm.lineament
plugin@org.geocraft.geomath.algorithm.som=SVN,trunk,https://wush.net/svn/geocraft,algorithm,org.geocraft.geomath.algorithm.som

feature@org.geocraft.test.feature=SVN,trunk,https://wush.net/svn/geocraft/releng,unit.tests,org.geocraft.test.feature
feature@org.geocraft.geomath.test.feature=SVN,trunk,https://wush.net/svn/geocraft/releng,unit.tests,org.geocraft.geomath.test.feature
feature@org.geocraft.abavo.test.feature=SVN,trunk,https://wush.net/svn/geocraft/releng,unit.tests,org.geocraft.abavo.test.feature
plugin@org.geocraft.unittest.suite=SVN,trunk,https://wush.net/svn/geocraft/releng,unit.tests,org.geocraft.unittest.suite

fragment@org.geocraft.core.test=SVN,trunk,https://wush.net/svn/geocraft,core.test,org.geocraft.core.test

fragment@org.geocraft.math.test=SVN,trunk,https://wush.net/svn/geocraft,component.test,org.geocraft.math.test
fragment@org.geocraft.io.gocad.test=SVN,trunk,https://wush.net/svn/geocraft,component.test,org.geocraft.io.gocad.test
fragment@org.geocraft.io.las.test=SVN,trunk,https://wush.net/svn/geocraft,component.test,org.geocraft.io.las.test
fragment@org.geocraft.io.modspec.test=SVN,trunk,https://wush.net/svn/geocraft,component.test,org.geocraft.io.modspec.test
fragment@org.geocraft.io.asciigrid.test=SVN,trunk,https://wush.net/svn/geocraft,component.test,org.geocraft.io.asciigrid.test
fragment@org.geocraft.io.jms.test=SVN,trunk,https://wush.net/svn/geocraft,component.test,org.geocraft.io.jms.test
fragment@org.geocraft.io.util.test=SVN,trunk,https://wush.net/svn/geocraft,component.test,org.geocraft.io.util.test

fragment@org.geocraft.abavo.test=SVN,trunk,https://wush.net/svn/geocraft,app.test,org.geocraft.abavo.test

fragment@org.geocraft.geomath.algorithm.calculator.test=SVN,trunk,https://wush.net/svn/geocraft,algorithm.test,org.geocraft.geomath.algorithm.calculator.test
fragment@org.geocraft.geomath.algorithm.horizon.test=SVN,trunk,https://wush.net/svn/geocraft,algorithm.test,org.geocraft.geomath.algorithm.horizon.test
fragment@org.geocraft.geomath.algorithm.velocity.test=SVN,trunk,https://wush.net/svn/geocraft,algorithm.test,org.geocraft.geomath.algorithm.velocity.test
